Attempt 1 at connecting failed: ConnectionResetError: [Errno 104] Connection reset by peer
Attempt 2 at connecting failed: ConnectionError: Proxy connection timed out: 10
Attempt 3 at connecting failed: ConnectionError: Proxy connection timed out: 10
Attempt 4 at connecting failed: ConnectionError: Proxy connection timed out: 10
Attempt 5 at connecting failed: ConnectionError: Proxy connection timed out: 10
Attempt 6 at connecting failed: ConnectionError: Proxy connection timed out: 10
NOTIFICATION WARNING: ConnectionError: Connection to Telegram failed 5 time(s)
Traceback (most recent call last):
  File "/root/YT_Video_Generation_Pipeline/scripts/run_visual_pipeline.py", line 552, in <module>
    main()
  File "/root/YT_Video_Generation_Pipeline/scripts/run_visual_pipeline.py", line 545, in main
    report = Pipeline(ROOT, args.topic, args.video_id, args.preset, duration_min, duration_max, args.aspect_ratio, client, args.force).run()
             ^^^^^^^^^^^^^^^^^^^^^^^^^^^^^^^^^^^^^^^^^^^^^^^^^^^^^^^^^^^^^^^^^^^^^^^^^^^^^^^^^^^^^^^^^^^^^^^^^^^^^^^^^^^^^^^^^^^^^^^^^^^^^^^
  File "/root/YT_Video_Generation_Pipeline/scripts/run_visual_pipeline.py", line 425, in run
    self.generate_images(beats, style, character)
  File "/root/YT_Video_Generation_Pipeline/scripts/run_visual_pipeline.py", line 478, in generate_images
    job = self.client.image((self.project / record["prompt_path"]).read_text(encoding="utf-8"), references, beat_id=beat_id)
          ^^^^^^^^^^^^^^^^^^^^^^^^^^^^^^^^^^^^^^^^^^^^^^^^^^^^^^^^^^^^^^^^^^^^^^^^^^^^^^^^^^^^^^^^^^^^^^^^^^^^^^^^^^^^^^^^^^
  File "/root/YT_Video_Generation_Pipeline/scripts/run_visual_pipeline.py", line 230, in image
    raise RuntimeError(f"Beat {beat_id:03d} Ordak job {job_id} failed: {job.get('error_message') or job.get('status')}")
RuntimeError: Beat 014 Ordak job 59b4165c-7b54-4e19-bca4-1bee9770a730 failed: Timed out while waiting for image upload in the current Chrome tab.
visuals failed; resuming safely in 5s (attempt 2/4).
VISUAL PIPELINE: PASS
Report: /root/YT_Video_Generation_Pipeline/videos/007_pandora_s_box/visual_pipeline/VISUAL_QC_REPORT.json
ELEVENLABS VOICEOVER: PASS
Audio: /root/YT_Video_Generation_Pipeline/videos/007_pandora_s_box/assets/audio/narration.mp3
Video: /root/YT_Video_Generation_Pipeline/videos/007_pandora_s_box
Audio: /root/YT_Video_Generation_Pipeline/videos/007_pandora_s_box/assets/audio/narration.mp3
Beats: 15
STT backend: local
Local Whisper model: small.en
Created: /root/YT_Video_Generation_Pipeline/videos/007_pandora_s_box/timing/BEAT_TIMINGS.json
Created: /root/YT_Video_Generation_Pipeline/videos/007_pandora_s_box/timing/BEAT_TIMINGS.md
Audio duration: 38.713s
Timestamp source: word
Alignment QC: all beats >= 75% token match.
MIXKIT MUSIC: PASS
File: /root/YT_Video_Generation_Pipeline/videos/007_pandora_s_box/assets/music/background.mp3
Created: /root/YT_Video_Generation_Pipeline/videos/007_pandora_s_box/timeline/TIMELINE.json
Created: /root/YT_Video_Generation_Pipeline/videos/007_pandora_s_box/timeline/SUBTITLES.ass
Beats: 15
Duration: 38.713s
Subtitle cues: 21
Subtitle QC: no overlapping cues.
Timeline QC: no overlapping STT boundaries.
[mp3 @ 0x56cf245f6d00] Estimating duration from bitrate, this may be inaccurate
Timeline: /root/YT_Video_Generation_Pipeline/videos/007_pandora_s_box/timeline/TIMELINE.json
Beats: 15
Resolution: 1080x1920 @ 30fps
Duration target: 38.713s
Subtitles: on
Resource caps: encoder=2, filter=2, complex=2
Output: /root/YT_Video_Generation_Pipeline/videos/007_pandora_s_box/assets/renders/final.mp4

Render complete.
Actual duration: 38.700s
Duration drift: -0.013s
File: /root/YT_Video_Generation_Pipeline/videos/007_pandora_s_box/assets/renders/final.mp4
QC input: /root/YT_Video_Generation_Pipeline/videos/007_pandora_s_box/assets/renders/final.mp4
[PASS] video_stream_count: expected=1 actual=1
[PASS] audio_stream_count: expected=1 actual=1
[PASS] resolution: expected=1080x1920 actual=1080x1920
[PASS] fps: expected=30.0 actual=30.0
[PASS] duration: expected=38.713 actual=38.7 (drift=-0.013s)
[PASS] video_codec: expected=h264 actual=h264
[PASS] pixel_format: expected=yuv420p actual=yuv420p
[PASS] audio_codec: expected=aac actual=aac
[PASS] file_nonempty: expected=>0 bytes actual=19923325
[PASS] full_decode: expected=no decode errors actual=ok
Report: /root/YT_Video_Generation_Pipeline/videos/007_pandora_s_box/render/QC_REPORT.json
QC RESULT: PASS
Input #0, mov,mp4,m4a,3gp,3g2,mj2, from '/root/YT_Video_Generation_Pipeline/videos/007_pandora_s_box/assets/renders/final.mp4':
  Metadata:
    major_brand     : isom
    minor_version   : 512
    compatible_brands: isomiso2avc1mp41
    encoder         : Lavf60.16.100
  Duration: 00:00:38.70, start: 0.000000, bitrate: 4118 kb/s
  Stream #0:0[0x1](und): Video: h264 (High) (avc1 / 0x31637661), yuv420p(progressive), 1080x1920 [SAR 1:1 DAR 9:16], 3939 kb/s, 30 fps, 30 tbr, 15360 tbn (default)
    Metadata:
      handler_name    : VideoHandler
      vendor_id       : [0][0][0][0]
      encoder         : Lavc60.31.102 libx264
  Stream #0:1[0x2](und): Audio: aac (LC) (mp4a / 0x6134706D), 44100 Hz, mono, fltp, 170 kb/s (default)
    Metadata:
      handler_name    : SoundHandler
      vendor_id       : [0][0][0][0]
Input #1, mp3, from '/root/YT_Video_Generation_Pipeline/videos/007_pandora_s_box/assets/music/background.mp3':
  Metadata:
    encoded_by      : Pro Tools
    originator_reference: yTgQZaaEXUfaaaGk
    date            : 2018-10-1
    time_reference  : 172875130
    encoder         : Lavf58.12.100
  Duration: 00:02:18.81, start: 0.025057, bitrate: 256 kb/s
  Stream #1:0: Audio: mp3, 44100 Hz, stereo, fltp, 256 kb/s
    Metadata:
      encoder         : Lavc58.18
Stream mapping:
  Stream #0:1 (aac) -> atrim:default
  Stream #1:0 (mp3float) -> atrim:default
  Stream #0:0 -> #0:0 (copy)
  loudnorm:default -> Stream #0:1 (aac)
Press [q] to stop, [?] for help
Output #0, mp4, to '/root/YT_Video_Generation_Pipeline/videos/007_pandora_s_box/assets/renders/polished.mp4':
  Metadata:
    major_brand     : isom
    minor_version   : 512
    compatible_brands: isomiso2avc1mp41
    encoder         : Lavf60.16.100
  Stream #0:0(und): Video: h264 (High) (avc1 / 0x31637661), yuv420p(progressive), 1080x1920 [SAR 1:1 DAR 9:16], q=2-31, 3939 kb/s, 30 fps, 30 tbr, 15360 tbn (default)
    Metadata:
      handler_name    : VideoHandler
      vendor_id       : [0][0][0][0]
      encoder         : Lavc60.31.102 libx264
  Stream #0:1: Audio: aac (LC) (mp4a / 0x6134706D), 96000 Hz, mono, fltp, 192 kb/s
    Metadata:
      encoder         : Lavc60.31.102 aac
size=     256kB time=00:00:02.96 bitrate= 707.0kbits/s speed=20.6x    size=    2816kB time=00:00:08.23 bitrate=2801.9kbits/s speed=12.8x    size=    5120kB time=00:00:12.60 bitrate=3328.8kbits/s speed=  11x    size=    7680kB time=00:00:16.96 bitrate=3708.1kbits/s speed=10.3x    size=   10752kB time=00:00:22.40 bitrate=3932.2kbits/s speed=10.4x    size=   14336kB time=00:00:28.06 bitrate=4184.4kbits/s speed=10.6x    size=   17152kB time=00:00:34.20 bitrate=4108.5kbits/s speed=10.8x    size=   18176kB time=00:00:38.40 bitrate=3877.6kbits/s speed=10.5x    [mp4 @ 0x61359cab8e40] Starting second pass: moving the moov atom to the beginning of the file
[out#0/mp4 @ 0x61359cab8d40] video:18611kB audio:933kB subtitle:0kB other streams:0kB global headers:0kB muxing overhead: 0.213057%
size=   19585kB time=00:00:38.69 bitrate=4146.5kbits/s speed=9.81x    
[aac @ 0x61359caba880] Qavg: 271.842
Baseline: /root/YT_Video_Generation_Pipeline/videos/007_pandora_s_box/assets/renders/final.mp4
Duration: 38.700s
Music: on
SFX events: 0
Output: /root/YT_Video_Generation_Pipeline/videos/007_pandora_s_box/assets/renders/polished.mp4

Audio polish complete.
Polished duration: 38.700s
Duration drift: +0.000s
File: /root/YT_Video_Generation_Pipeline/videos/007_pandora_s_box/assets/renders/polished.mp4
QC input: /root/YT_Video_Generation_Pipeline/videos/007_pandora_s_box/assets/renders/polished.mp4
[PASS] video_stream_count: expected=1 actual=1
[PASS] audio_stream_count: expected=1 actual=1
[PASS] resolution: expected=1080x1920 actual=1080x1920
[PASS] fps: expected=30.0 actual=30.0
[PASS] duration: expected=38.713 actual=38.7 (drift=-0.013s)
[PASS] video_codec: expected=h264 actual=h264
[PASS] pixel_format: expected=yuv420p actual=yuv420p
[PASS] audio_codec: expected=aac actual=aac
[PASS] file_nonempty: expected=>0 bytes actual=20055135
[PASS] full_decode: expected=no decode errors actual=ok
Report: /root/YT_Video_Generation_Pipeline/videos/007_pandora_s_box/render/QC_REPORT_polished.json
QC RESULT: PASS
TELEGRAM PUBLISH: PASS
Message ID: 23070
COMPLETION PIPELINE: PASS
[ordak 7197e70] Video 007_pandora_s_box: finalized artifacts
 41 files changed, 5956 insertions(+)
 create mode 100644 videos/007_pandora_s_box/BRIEF.md
 create mode 100644 videos/007_pandora_s_box/SCRIPT_DRAFT.md
 create mode 100644 videos/007_pandora_s_box/SCRIPT_FINAL.md
 create mode 100644 videos/007_pandora_s_box/VISUAL_BEATS.md
 create mode 100644 videos/007_pandora_s_box/VISUAL_PRESET.md
 create mode 100644 videos/007_pandora_s_box/audio_mix/AUDIO_MIX_PROFILE.json
 create mode 100644 videos/007_pandora_s_box/beats/BEAT_001_PROMPT.md
 create mode 100644 videos/007_pandora_s_box/beats/BEAT_002_PROMPT.md
 create mode 100644 videos/007_pandora_s_box/beats/BEAT_003_PROMPT.md
 create mode 100644 videos/007_pandora_s_box/beats/BEAT_004_PROMPT.md
 create mode 100644 videos/007_pandora_s_box/beats/BEAT_005_PROMPT.md
 create mode 100644 videos/007_pandora_s_box/beats/BEAT_006_PROMPT.md
 create mode 100644 videos/007_pandora_s_box/beats/BEAT_007_PROMPT.md
 create mode 100644 videos/007_pandora_s_box/beats/BEAT_008_PROMPT.md
 create mode 100644 videos/007_pandora_s_box/beats/BEAT_009_PROMPT.md
 create mode 100644 videos/007_pandora_s_box/beats/BEAT_010_PROMPT.md
 create mode 100644 videos/007_pandora_s_box/beats/BEAT_011_PROMPT.md
 create mode 100644 videos/007_pandora_s_box/beats/BEAT_012_PROMPT.md
 create mode 100644 videos/007_pandora_s_box/beats/BEAT_013_PROMPT.md
 create mode 100644 videos/007_pandora_s_box/beats/BEAT_014_PROMPT.md
 create mode 100644 videos/007_pandora_s_box/beats/BEAT_015_PROMPT.md
 create mode 100644 videos/007_pandora_s_box/launch/LAUNCH_REQUEST.json
 create mode 100644 videos/007_pandora_s_box/music/MUSIC_SELECTION.json
 create mode 100644 videos/007_pandora_s_box/pipeline/FINALIZATION_RUNTIME_STATE.json
 create mode 100644 videos/007_pandora_s_box/pipeline/FULL_PIPELINE_RUNTIME_STATE.json
 create mode 100644 videos/007_pandora_s_box/publish/TELEGRAM_PUBLISH_STATE.json
 create mode 100644 videos/007_pandora_s_box/render/QC_REPORT.json
 create mode 100644 videos/007_pandora_s_box/render/QC_REPORT_polished.json
 create mode 100644 videos/007_pandora_s_box/render/RENDER_PROFILE.json
 create mode 100644 videos/007_pandora_s_box/timeline/SUBTITLES.ass
 create mode 100644 videos/007_pandora_s_box/timeline/TIMELINE.json
 create mode 100644 videos/007_pandora_s_box/timing/BEAT_TIMINGS.json
 create mode 100644 videos/007_pandora_s_box/timing/BEAT_TIMINGS.md
 create mode 100644 videos/007_pandora_s_box/visual_pipeline/EXECUTION_TIMINGS.json
 create mode 100644 videos/007_pandora_s_box/visual_pipeline/RUNTIME_STATE.json
 create mode 100644 videos/007_pandora_s_box/visual_pipeline/RUN_SUMMARY.md
 create mode 100644 videos/007_pandora_s_box/visual_pipeline/VISUAL_QC_REPORT.json
 create mode 100644 videos/007_pandora_s_box/voiceover/ELEVENLABS_RUNTIME_STATE.json
 create mode 100644 videos/007_pandora_s_box/voiceover/REQUESTED_VOICE_PROFILE.json
 create mode 100644 videos/007_pandora_s_box/voiceover/VOICEOVER_INPUT.txt
 create mode 100644 videos/007_pandora_s_box/voiceover/VOICE_PROFILE.json
To https://github.com/M2002HR/YT_Video_Generation_Pipeline.git
   c4bb7c6..7197e70  ordak -> ordak
[ordak 7a54282] Video 007_pandora_s_box: record Git publication
 2 files changed, 25 insertions(+), 2 deletions(-)
 create mode 100644 videos/007_pandora_s_box/pipeline/GIT_PUBLISH_STATE.json
To https://github.com/M2002HR/YT_Video_Generation_Pipeline.git
   7197e70..7a54282  ordak -> ordak
{"status": "GIT_PUBLISH_PASS", "branch": "ordak", "artifact_commit": "7197e705c098a57e3e0f6f288912abd1092db31e", "receipt_commit": "7a54282671678025d2c6f03cf29889e7f5408848", "elapsed_seconds": 3.296}
FULL VIDEO PIPELINE: PASS
