Traceback (most recent call last):
  File "/root/YT_Video_Generation_Pipeline/scripts/run_visual_pipeline.py", line 702, in <module>
    main()
  File "/root/YT_Video_Generation_Pipeline/scripts/run_visual_pipeline.py", line 692, in main
    report = Pipeline(ROOT, args.topic, args.video_id, preset, duration_min, duration_max, args.aspect_ratio, content_project, client, args.force, creative_brief).run()
             ^^^^^^^^^^^^^^^^^^^^^^^^^^^^^^^^^^^^^^^^^^^^^^^^^^^^^^^^^^^^^^^^^^^^^^^^^^^^^^^^^^^^^^^^^^^^^^^^^^^^^^^^^^^^^^^^^^^^^^^^^^^^^^^^^^^^^^^^^^^^^^^^^^^^^^^^^^^
  File "/root/YT_Video_Generation_Pipeline/scripts/run_visual_pipeline.py", line 503, in run
    beats_text = self._stage_text("visual_beats", replace_tokens(load_template("03_visual_beats.md", self.content_project), VIDEO_BRIEF=brief, FINAL_SCRIPT=script, WORLD_DESIGN=world_design), "VISUAL_BEATS.md", self.parse_beats)
                 ^^^^^^^^^^^^^^^^^^^^^^^^^^^^^^^^^^^^^^^^^^^^^^^^^^^^^^^^^^^^^^^^^^^^^^^^^^^^^^^^^^^^^^^^^^^^^^^^^^^^^^^^^^^^^^^^^^^^^^^^^^^^^^^^^^^^^^^^^^^^^^^^^^^^^^^^^^^^^^^^^^^^^^^^^^^^^^^^^^^^^^^^^^^^^^^^^^^^^^^^^^^^^^^^^^^
  File "/root/YT_Video_Generation_Pipeline/scripts/run_visual_pipeline.py", line 416, in _stage_text
    validator(content)
  File "/root/YT_Video_Generation_Pipeline/scripts/run_visual_pipeline.py", line 486, in parse_beats
    raise RuntimeError("Visual beat validation failed: one or more required fields are empty.")
RuntimeError: Visual beat validation failed: one or more required fields are empty.
visuals failed; resuming safely in 5s (attempt 2/4).
Traceback (most recent call last):
  File "/root/YT_Video_Generation_Pipeline/scripts/run_visual_pipeline.py", line 702, in <module>
    main()
  File "/root/YT_Video_Generation_Pipeline/scripts/run_visual_pipeline.py", line 692, in main
    report = Pipeline(ROOT, args.topic, args.video_id, preset, duration_min, duration_max, args.aspect_ratio, content_project, client, args.force, creative_brief).run()
             ^^^^^^^^^^^^^^^^^^^^^^^^^^^^^^^^^^^^^^^^^^^^^^^^^^^^^^^^^^^^^^^^^^^^^^^^^^^^^^^^^^^^^^^^^^^^^^^^^^^^^^^^^^^^^^^^^^^^^^^^^^^^^^^^^^^^^^^^^^^^^^^^^^^^^^^^^^^
  File "/root/YT_Video_Generation_Pipeline/scripts/run_visual_pipeline.py", line 503, in run
    beats_text = self._stage_text("visual_beats", replace_tokens(load_template("03_visual_beats.md", self.content_project), VIDEO_BRIEF=brief, FINAL_SCRIPT=script, WORLD_DESIGN=world_design), "VISUAL_BEATS.md", self.parse_beats)
                 ^^^^^^^^^^^^^^^^^^^^^^^^^^^^^^^^^^^^^^^^^^^^^^^^^^^^^^^^^^^^^^^^^^^^^^^^^^^^^^^^^^^^^^^^^^^^^^^^^^^^^^^^^^^^^^^^^^^^^^^^^^^^^^^^^^^^^^^^^^^^^^^^^^^^^^^^^^^^^^^^^^^^^^^^^^^^^^^^^^^^^^^^^^^^^^^^^^^^^^^^^^^^^^^^^^^
  File "/root/YT_Video_Generation_Pipeline/scripts/run_visual_pipeline.py", line 416, in _stage_text
    validator(content)
  File "/root/YT_Video_Generation_Pipeline/scripts/run_visual_pipeline.py", line 486, in parse_beats
    raise RuntimeError("Visual beat validation failed: one or more required fields are empty.")
RuntimeError: Visual beat validation failed: one or more required fields are empty.
visuals failed; resuming safely in 10s (attempt 3/4).
Traceback (most recent call last):
  File "/root/YT_Video_Generation_Pipeline/scripts/run_visual_pipeline.py", line 702, in <module>
    main()
  File "/root/YT_Video_Generation_Pipeline/scripts/run_visual_pipeline.py", line 692, in main
    report = Pipeline(ROOT, args.topic, args.video_id, preset, duration_min, duration_max, args.aspect_ratio, content_project, client, args.force, creative_brief).run()
             ^^^^^^^^^^^^^^^^^^^^^^^^^^^^^^^^^^^^^^^^^^^^^^^^^^^^^^^^^^^^^^^^^^^^^^^^^^^^^^^^^^^^^^^^^^^^^^^^^^^^^^^^^^^^^^^^^^^^^^^^^^^^^^^^^^^^^^^^^^^^^^^^^^^^^^^^^^^
  File "/root/YT_Video_Generation_Pipeline/scripts/run_visual_pipeline.py", line 527, in run
    self.generate_images(beats, style, character)
  File "/root/YT_Video_Generation_Pipeline/scripts/run_visual_pipeline.py", line 587, in generate_images
    raise RuntimeError(f"Beat {beat_id:03d} did not produce a generated artifact.")
RuntimeError: Beat 007 did not produce a generated artifact.
visuals failed; resuming safely in 20s (attempt 4/4).
VISUAL PIPELINE: PASS
Report: /root/YT_Video_Generation_Pipeline/videos/009_vikings_history/visual_pipeline/VISUAL_QC_REPORT.json
ELEVENLABS VOICEOVER: PASS
Audio: /root/YT_Video_Generation_Pipeline/videos/009_vikings_history/assets/audio/narration.mp3
ELEVENLABS VOICEOVER: PASS (reused /root/YT_Video_Generation_Pipeline/videos/009_vikings_history/assets/audio/narration.mp3)
MIXKIT MUSIC: PASS
File: /root/YT_Video_Generation_Pipeline/videos/009_vikings_history/assets/music/background.mp3
Created: /root/YT_Video_Generation_Pipeline/videos/009_vikings_history/timeline/TIMELINE.json
Created: /root/YT_Video_Generation_Pipeline/videos/009_vikings_history/timeline/SUBTITLES.ass
Beats: 15
Duration: 58.175s
Subtitle cues: 29
Subtitle QC: no overlapping cues.
Timeline QC: no overlapping STT boundaries.
[mp3 @ 0x63fb6fc845c0] Estimating duration from bitrate, this may be inaccurate
Timeline: /root/YT_Video_Generation_Pipeline/videos/009_vikings_history/timeline/TIMELINE.json
Beats: 15
Resolution: 1080x1920 @ 30fps
Duration target: 58.175s
Subtitles: on
Resource caps: encoder=2, filter=2, complex=2
Output: /root/YT_Video_Generation_Pipeline/videos/009_vikings_history/assets/renders/final.mp4

Render complete.
Actual duration: 58.100s
Duration drift: -0.075s
File: /root/YT_Video_Generation_Pipeline/videos/009_vikings_history/assets/renders/final.mp4
QC input: /root/YT_Video_Generation_Pipeline/videos/009_vikings_history/assets/renders/final.mp4
[PASS] video_stream_count: expected=1 actual=1
[PASS] audio_stream_count: expected=1 actual=1
[PASS] resolution: expected=1080x1920 actual=1080x1920
[PASS] fps: expected=30.0 actual=30.0
[PASS] duration: expected=58.175 actual=58.1 (drift=-0.075s)
[PASS] video_codec: expected=h264 actual=h264
[PASS] pixel_format: expected=yuv420p actual=yuv420p
[PASS] audio_codec: expected=aac actual=aac
[PASS] file_nonempty: expected=>0 bytes actual=35921282
[PASS] full_decode: expected=no decode errors actual=ok
Report: /root/YT_Video_Generation_Pipeline/videos/009_vikings_history/render/QC_REPORT.json
QC RESULT: PASS
Input #0, mov,mp4,m4a,3gp,3g2,mj2, from '/root/YT_Video_Generation_Pipeline/videos/009_vikings_history/assets/renders/final.mp4':
  Metadata:
    major_brand     : isom
    minor_version   : 512
    compatible_brands: isomiso2avc1mp41
    encoder         : Lavf60.16.100
  Duration: 00:00:58.10, start: 0.000000, bitrate: 4946 kb/s
  Stream #0:0[0x1](und): Video: h264 (High) (avc1 / 0x31637661), yuv420p(progressive), 1080x1920 [SAR 1:1 DAR 9:16], 4768 kb/s, 30 fps, 30 tbr, 15360 tbn (default)
    Metadata:
      handler_name    : VideoHandler
      vendor_id       : [0][0][0][0]
      encoder         : Lavc60.31.102 libx264
  Stream #0:1[0x2](und): Audio: aac (LC) (mp4a / 0x6134706D), 44100 Hz, mono, fltp, 169 kb/s (default)
    Metadata:
      handler_name    : SoundHandler
      vendor_id       : [0][0][0][0]
Input #1, mp3, from '/root/YT_Video_Generation_Pipeline/videos/009_vikings_history/assets/music/background.mp3':
  Metadata:
    encoded_by      : Logic Pro X
    date            : 2019-01-22
    coding_history  : 
    time_reference  : 158760000
    umid            : 0x000000000000000000000000000000000000000000000000000000002500FC5C855BB4E8300291E2FE7F000038E0980E01000000700291E2FE7F00003D16DB6E
    encoder         : Lavf58.12.100
  Duration: 00:02:29.34, start: 0.025057, bitrate: 256 kb/s
  Stream #1:0: Audio: mp3, 44100 Hz, stereo, fltp, 256 kb/s
    Metadata:
      encoder         : Lavc58.18
Stream mapping:
  Stream #0:1 (aac) -> atrim:default
  Stream #1:0 (mp3float) -> atrim:default
  Stream #0:0 -> #0:0 (copy)
  loudnorm:default -> Stream #0:1 (aac)
Press [q] to stop, [?] for help
Output #0, mp4, to '/root/YT_Video_Generation_Pipeline/videos/009_vikings_history/assets/renders/polished.mp4':
  Metadata:
    major_brand     : isom
    minor_version   : 512
    compatible_brands: isomiso2avc1mp41
    encoder         : Lavf60.16.100
  Stream #0:0(und): Video: h264 (High) (avc1 / 0x31637661), yuv420p(progressive), 1080x1920 [SAR 1:1 DAR 9:16], q=2-31, 4768 kb/s, 30 fps, 30 tbr, 15360 tbn (default)
    Metadata:
      handler_name    : VideoHandler
      vendor_id       : [0][0][0][0]
      encoder         : Lavc60.31.102 libx264
  Stream #0:1: Audio: aac (LC) (mp4a / 0x6134706D), 96000 Hz, mono, fltp, 192 kb/s
    Metadata:
      encoder         : Lavc60.31.102 aac
size=     512kB time=00:00:02.96 bitrate=1413.9kbits/s speed=31.3x    size=    2816kB time=00:00:06.70 bitrate=3443.1kbits/s speed=11.2x    size=    4864kB time=00:00:10.20 bitrate=3906.5kbits/s speed= 9.2x    size=    7168kB time=00:00:14.40 bitrate=4077.8kbits/s speed=8.85x    size=   10496kB time=00:00:19.26 bitrate=4462.8kbits/s speed=9.06x    size=   13824kB time=00:00:24.00 bitrate=4718.6kbits/s speed=9.13x    size=   15360kB time=00:00:28.83 bitrate=4364.0kbits/s speed=9.22x    size=   18944kB time=00:00:33.80 bitrate=4591.4kbits/s speed=9.29x    size=   22784kB time=00:00:39.86 bitrate=4681.8kbits/s speed=9.64x    size=   26624kB time=00:00:45.80 bitrate=4762.1kbits/s speed=9.87x    size=   28672kB time=00:00:51.60 bitrate=4552.0kbits/s speed=  10x    size=   32512kB time=00:00:58.00 bitrate=4592.0kbits/s speed=10.3x    [mp4 @ 0x567476bfe0c0] Starting second pass: moving the moov atom to the beginning of the file
[out#0/mp4 @ 0x567476bfdfc0] video:33817kB audio:1405kB subtitle:0kB other streams:0kB global headers:0kB muxing overhead: 0.175344%
size=   35284kB time=00:00:58.09 bitrate=4975.4kbits/s speed=9.89x    
[aac @ 0x567476bffb00] Qavg: 285.034
Baseline: /root/YT_Video_Generation_Pipeline/videos/009_vikings_history/assets/renders/final.mp4
Duration: 58.100s
Music: on
SFX events: 0
Output: /root/YT_Video_Generation_Pipeline/videos/009_vikings_history/assets/renders/polished.mp4

Audio polish complete.
Polished duration: 58.100s
Duration drift: +0.000s
File: /root/YT_Video_Generation_Pipeline/videos/009_vikings_history/assets/renders/polished.mp4
QC input: /root/YT_Video_Generation_Pipeline/videos/009_vikings_history/assets/renders/polished.mp4
[PASS] video_stream_count: expected=1 actual=1
[PASS] audio_stream_count: expected=1 actual=1
[PASS] resolution: expected=1080x1920 actual=1080x1920
[PASS] fps: expected=30.0 actual=30.0
[PASS] duration: expected=58.175 actual=58.1 (drift=-0.075s)
[PASS] video_codec: expected=h264 actual=h264
[PASS] pixel_format: expected=yuv420p actual=yuv420p
[PASS] audio_codec: expected=aac actual=aac
[PASS] file_nonempty: expected=>0 bytes actual=36130656
[PASS] full_decode: expected=no decode errors actual=ok
Report: /root/YT_Video_Generation_Pipeline/videos/009_vikings_history/render/QC_REPORT_polished.json
QC RESULT: PASS
TELEGRAM PUBLISH: PASS
Message ID: 23161
COMPLETION PIPELINE: PASS
[ordak 8da108c] Video 009_vikings_history: finalized artifacts
 47 files changed, 6390 insertions(+), 1 deletion(-)
 create mode 100644 videos/009_vikings_history/BRIEF.md
 create mode 100644 videos/009_vikings_history/PROJECT.md
 create mode 100644 videos/009_vikings_history/SCRIPT_DRAFT.md
 create mode 100644 videos/009_vikings_history/SCRIPT_FINAL.md
 create mode 100644 videos/009_vikings_history/VISUAL_BEATS.md
 create mode 100644 videos/009_vikings_history/VISUAL_PRESET.md
 create mode 100644 videos/009_vikings_history/WORLD_DESIGN.md
 create mode 100644 videos/009_vikings_history/audio_mix/AUDIO_MIX_PROFILE.json
 create mode 100644 videos/009_vikings_history/beats/BEAT_001_PROMPT.md
 create mode 100644 videos/009_vikings_history/beats/BEAT_002_PROMPT.md
 create mode 100644 videos/009_vikings_history/beats/BEAT_003_PROMPT.md
 create mode 100644 videos/009_vikings_history/beats/BEAT_004_PROMPT.md
 create mode 100644 videos/009_vikings_history/beats/BEAT_005_PROMPT.md
 create mode 100644 videos/009_vikings_history/beats/BEAT_006_PROMPT.md
 create mode 100644 videos/009_vikings_history/beats/BEAT_007_PROMPT.md
 create mode 100644 videos/009_vikings_history/beats/BEAT_008_PROMPT.md
 create mode 100644 videos/009_vikings_history/beats/BEAT_009_PROMPT.md
 create mode 100644 videos/009_vikings_history/beats/BEAT_010_PROMPT.md
 create mode 100644 videos/009_vikings_history/beats/BEAT_011_PROMPT.md
 create mode 100644 videos/009_vikings_history/beats/BEAT_012_PROMPT.md
 create mode 100644 videos/009_vikings_history/beats/BEAT_013_PROMPT.md
 create mode 100644 videos/009_vikings_history/beats/BEAT_014_PROMPT.md
 create mode 100644 videos/009_vikings_history/beats/BEAT_015_PROMPT.md
 create mode 100644 videos/009_vikings_history/launch/CREATIVE_BRIEF.json
 create mode 100644 videos/009_vikings_history/launch/LAUNCH_REQUEST.json
 create mode 100644 videos/009_vikings_history/music/MUSIC_SELECTION.json
 create mode 100644 videos/009_vikings_history/pipeline/FINALIZATION_RUNTIME_STATE.json
 create mode 100644 videos/009_vikings_history/pipeline/FULL_PIPELINE_RUNTIME_STATE.json
 create mode 100644 videos/009_vikings_history/publish/TELEGRAM_PUBLISH_STATE.json
 create mode 100644 videos/009_vikings_history/render/QC_REPORT.json
 create mode 100644 videos/009_vikings_history/render/QC_REPORT_polished.json
 create mode 100644 videos/009_vikings_history/render/RENDER_PROFILE.json
 create mode 100644 videos/009_vikings_history/timeline/SUBTITLES.ass
 create mode 100644 videos/009_vikings_history/timeline/TIMELINE.json
 create mode 100644 videos/009_vikings_history/timing/BEAT_TIMINGS.json
 create mode 100644 videos/009_vikings_history/timing/BEAT_TIMINGS.md
 create mode 100644 videos/009_vikings_history/visual_pipeline/EXECUTION_TIMINGS.json
 create mode 100644 videos/009_vikings_history/visual_pipeline/RUNTIME_STATE.json
 create mode 100644 videos/009_vikings_history/visual_pipeline/RUN_SUMMARY.md
 create mode 100644 videos/009_vikings_history/visual_pipeline/VISUAL_QC_REPORT.json
 create mode 100644 videos/009_vikings_history/visual_pipeline/rejected/visual_beats_2fa5363c-414a-4337-9b91-581656836e93.md
 create mode 100644 videos/009_vikings_history/visual_pipeline/rejected/visual_beats_36ce4506-7ecf-411a-963d-633c5843f999.md
 create mode 100644 videos/009_vikings_history/voiceover/ELEVENLABS_RUNTIME_STATE.json
 create mode 100644 videos/009_vikings_history/voiceover/REQUESTED_VOICE_PROFILE.json
 create mode 100644 videos/009_vikings_history/voiceover/VOICEOVER_INPUT.txt
 create mode 100644 videos/009_vikings_history/voiceover/VOICE_PROFILE.json
To https://github.com/M2002HR/YT_Video_Generation_Pipeline.git
   16f3c71..8da108c  ordak -> ordak
[ordak 90685e5] Video 009_vikings_history: record Git publication
 2 files changed, 25 insertions(+), 2 deletions(-)
 create mode 100644 videos/009_vikings_history/pipeline/GIT_PUBLISH_STATE.json
To https://github.com/M2002HR/YT_Video_Generation_Pipeline.git
   8da108c..90685e5  ordak -> ordak
{"status": "GIT_PUBLISH_PASS", "branch": "ordak", "artifact_commit": "8da108c55b85f29ddd4789b23c8d279eaead7dbc", "receipt_commit": "90685e5da16cd6b7b71f47d701eb261612ead91a", "elapsed_seconds": 4.489}
FULL VIDEO PIPELINE: PASS
